// Jest Snapshot v1, https://goo.gl/fbAQLP

exports[`<Homepage /> renders a homepage 1`] = `
<h1
  class="text-4xl font-bold tracking-tight sm:text-center sm:text-6xl"
>
  VirtualSpirit
</h1>
`;
